Archive member included because of file (symbol)

c:/program files (x86)/atmel/avr tools/avr toolchain/bin/../lib/gcc/avr/4.8.1/avr4\libgcc.a(_exit.o)
                              c:/program files (x86)/atmel/avr tools/avr toolchain/bin/../lib/gcc/avr/4.8.1/../../../../avr/lib/avr4/crtm8.o (exit)
c:/program files (x86)/atmel/avr tools/avr toolchain/bin/../lib/gcc/avr/4.8.1/avr4\libgcc.a(_clear_bss.o)
                              ./main.o (__do_clear_bss)
c:/program files (x86)/atmel/avr tools/avr toolchain/bin/../lib/gcc/avr/4.8.1/../../../../avr/lib/avr4\libm.a(addsf3.o)
                              ./main.o (__subsf3)
c:/program files (x86)/atmel/avr tools/avr toolchain/bin/../lib/gcc/avr/4.8.1/../../../../avr/lib/avr4\libm.a(addsf3x.o)
                              c:/program files (x86)/atmel/avr tools/avr toolchain/bin/../lib/gcc/avr/4.8.1/../../../../avr/lib/avr4\libm.a(addsf3.o) (__addsf3x)
c:/program files (x86)/atmel/avr tools/avr toolchain/bin/../lib/gcc/avr/4.8.1/../../../../avr/lib/avr4\libm.a(fixunssfsi.o)
                              ./main.o (__fixunssfsi)
c:/program files (x86)/atmel/avr tools/avr toolchain/bin/../lib/gcc/avr/4.8.1/../../../../avr/lib/avr4\libm.a(floatsisf.o)
                              ./main.o (__floatsisf)
c:/program files (x86)/atmel/avr tools/avr toolchain/bin/../lib/gcc/avr/4.8.1/../../../../avr/lib/avr4\libm.a(fp_inf.o)
                              c:/program files (x86)/atmel/avr tools/avr toolchain/bin/../lib/gcc/avr/4.8.1/../../../../avr/lib/avr4\libm.a(addsf3x.o) (__fp_inf)
c:/program files (x86)/atmel/avr tools/avr toolchain/bin/../lib/gcc/avr/4.8.1/../../../../avr/lib/avr4\libm.a(fp_nan.o)
                              c:/program files (x86)/atmel/avr tools/avr toolchain/bin/../lib/gcc/avr/4.8.1/../../../../avr/lib/avr4\libm.a(addsf3x.o) (__fp_nan)
c:/program files (x86)/atmel/avr tools/avr toolchain/bin/../lib/gcc/avr/4.8.1/../../../../avr/lib/avr4\libm.a(fp_pscA.o)
                              c:/program files (x86)/atmel/avr tools/avr toolchain/bin/../lib/gcc/avr/4.8.1/../../../../avr/lib/avr4\libm.a(addsf3x.o) (__fp_pscA)
c:/program files (x86)/atmel/avr tools/avr toolchain/bin/../lib/gcc/avr/4.8.1/../../../../avr/lib/avr4\libm.a(fp_pscB.o)
                              c:/program files (x86)/atmel/avr tools/avr toolchain/bin/../lib/gcc/avr/4.8.1/../../../../avr/lib/avr4\libm.a(addsf3x.o) (__fp_pscB)
c:/program files (x86)/atmel/avr tools/avr toolchain/bin/../lib/gcc/avr/4.8.1/../../../../avr/lib/avr4\libm.a(fp_round.o)
                              c:/program files (x86)/atmel/avr tools/avr toolchain/bin/../lib/gcc/avr/4.8.1/../../../../avr/lib/avr4\libm.a(addsf3.o) (__fp_round)
c:/program files (x86)/atmel/avr tools/avr toolchain/bin/../lib/gcc/avr/4.8.1/../../../../avr/lib/avr4\libm.a(fp_split3.o)
                              c:/program files (x86)/atmel/avr tools/avr toolchain/bin/../lib/gcc/avr/4.8.1/../../../../avr/lib/avr4\libm.a(addsf3x.o) (__fp_split3)
c:/program files (x86)/atmel/avr tools/avr toolchain/bin/../lib/gcc/avr/4.8.1/../../../../avr/lib/avr4\libm.a(fp_zero.o)
                              c:/program files (x86)/atmel/avr tools/avr toolchain/bin/../lib/gcc/avr/4.8.1/../../../../avr/lib/avr4\libm.a(addsf3x.o) (__fp_zero)
c:/program files (x86)/atmel/avr tools/avr toolchain/bin/../lib/gcc/avr/4.8.1/../../../../avr/lib/avr4\libm.a(mulsf3.o)
                              ./main.o (__mulsf3)
c:/program files (x86)/atmel/avr tools/avr toolchain/bin/../lib/gcc/avr/4.8.1/../../../../avr/lib/avr4\libm.a(mulsf3x.o)
                              c:/program files (x86)/atmel/avr tools/avr toolchain/bin/../lib/gcc/avr/4.8.1/../../../../avr/lib/avr4\libm.a(mulsf3.o) (__mulsf3x)
c:/program files (x86)/atmel/avr tools/avr toolchain/bin/../lib/gcc/avr/4.8.1/../../../../avr/lib/avr4\libc.a(itoa_ncheck.o)
                              ./midi_uart.o (__itoa_ncheck)
c:/program files (x86)/atmel/avr tools/avr toolchain/bin/../lib/gcc/avr/4.8.1/../../../../avr/lib/avr4\libc.a(utoa_ncheck.o)
                              c:/program files (x86)/atmel/avr tools/avr toolchain/bin/../lib/gcc/avr/4.8.1/../../../../avr/lib/avr4\libc.a(itoa_ncheck.o) (__utoa_common)
c:/program files (x86)/atmel/avr tools/avr toolchain/bin/../lib/gcc/avr/4.8.1/../../../../avr/lib/avr4\libc.a(strrev.o)
                              c:/program files (x86)/atmel/avr tools/avr toolchain/bin/../lib/gcc/avr/4.8.1/../../../../avr/lib/avr4\libc.a(utoa_ncheck.o) (strrev)

Allocating common symbols
Common symbol       size              file

k                   0x1               ./main.o
check_dir2          0x8               ./main.o
tab                 0x10              ./main.o
data                0x2               ./main.o
check_dir           0x10              ./main.o
charr               0x1               ./main.o
tab2                0x8               ./main.o

Memory Configuration

Name             Origin             Length             Attributes
text             0x00000000         0x00002000         xr
data             0x00800060         0x0000ffa0         rw !x
eeprom           0x00810000         0x00010000         rw !x
fuse             0x00820000         0x00000400         rw !x
lock             0x00830000         0x00000400         rw !x
signature        0x00840000         0x00000400         rw !x
user_signatures  0x00850000         0x00000400         rw !x
*default*        0x00000000         0xffffffff

Linker script and memory map

LOAD c:/program files (x86)/atmel/avr tools/avr toolchain/bin/../lib/gcc/avr/4.8.1/../../../../avr/lib/avr4/crtm8.o
LOAD ./AD7490.o
LOAD ./main.o
LOAD ./midi_uart.o
START GROUP
LOAD c:/program files (x86)/atmel/avr tools/avr toolchain/bin/../lib/gcc/avr/4.8.1/avr4\libgcc.a
LOAD c:/program files (x86)/atmel/avr tools/avr toolchain/bin/../lib/gcc/avr/4.8.1/../../../../avr/lib/avr4\libm.a
LOAD c:/program files (x86)/atmel/avr tools/avr toolchain/bin/../lib/gcc/avr/4.8.1/../../../../avr/lib/avr4\libc.a
END GROUP

.hash
 *(.hash)

.dynsym
 *(.dynsym)

.dynstr
 *(.dynstr)

.gnu.version
 *(.gnu.version)

.gnu.version_d
 *(.gnu.version_d)

.gnu.version_r
 *(.gnu.version_r)

.rel.init
 *(.rel.init)

.rela.init
 *(.rela.init)

.rel.text
 *(.rel.text)
 *(.rel.text.*)
 *(.rel.gnu.linkonce.t*)

.rela.text
 *(.rela.text)
 *(.rela.text.*)
 *(.rela.gnu.linkonce.t*)

.rel.fini
 *(.rel.fini)

.rela.fini
 *(.rela.fini)

.rel.rodata
 *(.rel.rodata)
 *(.rel.rodata.*)
 *(.rel.gnu.linkonce.r*)

.rela.rodata
 *(.rela.rodata)
 *(.rela.rodata.*)
 *(.rela.gnu.linkonce.r*)

.rel.data
 *(.rel.data)
 *(.rel.data.*)
 *(.rel.gnu.linkonce.d*)

.rela.data
 *(.rela.data)
 *(.rela.data.*)
 *(.rela.gnu.linkonce.d*)

.rel.ctors
 *(.rel.ctors)

.rela.ctors
 *(.rela.ctors)

.rel.dtors
 *(.rel.dtors)

.rela.dtors
 *(.rela.dtors)

.rel.got
 *(.rel.got)

.rela.got
 *(.rela.got)

.rel.bss
 *(.rel.bss)

.rela.bss
 *(.rela.bss)

.rel.plt
 *(.rel.plt)

.rela.plt
 *(.rela.plt)

.text           0x00000000      0x80c
 *(.vectors)
 .vectors       0x00000000       0x26 c:/program files (x86)/atmel/avr tools/avr toolchain/bin/../lib/gcc/avr/4.8.1/../../../../avr/lib/avr4/crtm8.o
                0x00000000                __vector_default
                0x00000000                __vectors
 *(.vectors)
 *(.progmem.gcc*)
                0x00000026                . = ALIGN (0x2)
                0x00000026                __trampolines_start = .
 *(.trampolines)
 .trampolines   0x00000026        0x0 linker stubs
 *(.trampolines*)
                0x00000026                __trampolines_end = .
 *(.progmem*)
                0x00000026                . = ALIGN (0x2)
 *(.jumptables)
 *(.jumptables*)
 *(.lowtext)
 *(.lowtext*)
                0x00000026                __ctors_start = .
 *(.ctors)
                0x00000026                __ctors_end = .
                0x00000026                __dtors_start = .
 *(.dtors)
                0x00000026                __dtors_end = .
 SORT(*)(.ctors)
 SORT(*)(.dtors)
 *(.init0)
 .init0         0x00000026        0x0 c:/program files (x86)/atmel/avr tools/avr toolchain/bin/../lib/gcc/avr/4.8.1/../../../../avr/lib/avr4/crtm8.o
                0x00000026                __init
 *(.init0)
 *(.init1)
 *(.init1)
 *(.init2)
 .init2         0x00000026        0xc c:/program files (x86)/atmel/avr tools/avr toolchain/bin/../lib/gcc/avr/4.8.1/../../../../avr/lib/avr4/crtm8.o
 *(.init2)
 *(.init3)
 *(.init3)
 *(.init4)
 .init4         0x00000032       0x10 c:/program files (x86)/atmel/avr tools/avr toolchain/bin/../lib/gcc/avr/4.8.1/avr4\libgcc.a(_clear_bss.o)
                0x00000032                __do_clear_bss
 *(.init4)
 *(.init5)
 *(.init5)
 *(.init6)
 *(.init6)
 *(.init7)
 *(.init7)
 *(.init8)
 *(.init8)
 *(.init9)
 .init9         0x00000042        0x4 c:/program files (x86)/atmel/avr tools/avr toolchain/bin/../lib/gcc/avr/4.8.1/../../../../avr/lib/avr4/crtm8.o
 *(.init9)
 *(.text)
 .text          0x00000046        0x2 c:/program files (x86)/atmel/avr tools/avr toolchain/bin/../lib/gcc/avr/4.8.1/../../../../avr/lib/avr4/crtm8.o
                0x00000046                __vector_1
                0x00000046                __vector_12
                0x00000046                __bad_interrupt
                0x00000046                __vector_6
                0x00000046                __vector_3
                0x00000046                __vector_11
                0x00000046                __vector_13
                0x00000046                __vector_17
                0x00000046                __vector_7
                0x00000046                __vector_5
                0x00000046                __vector_4
                0x00000046                __vector_9
                0x00000046                __vector_2
                0x00000046                __vector_15
                0x00000046                __vector_8
                0x00000046                __vector_14
                0x00000046                __vector_16
                0x00000046                __vector_18
 .text          0x00000048        0x0 ./AD7490.o
 .text          0x00000048        0x0 ./main.o
 .text          0x00000048        0x0 ./midi_uart.o
 .text          0x00000048        0x0 c:/program files (x86)/atmel/avr tools/avr toolchain/bin/../lib/gcc/avr/4.8.1/avr4\libgcc.a(_exit.o)
 .text          0x00000048        0x0 c:/program files (x86)/atmel/avr tools/avr toolchain/bin/../lib/gcc/avr/4.8.1/avr4\libgcc.a(_clear_bss.o)
 .text          0x00000048        0x0 c:/program files (x86)/atmel/avr tools/avr toolchain/bin/../lib/gcc/avr/4.8.1/../../../../avr/lib/avr4\libm.a(addsf3.o)
 .text          0x00000048        0x0 c:/program files (x86)/atmel/avr tools/avr toolchain/bin/../lib/gcc/avr/4.8.1/../../../../avr/lib/avr4\libm.a(addsf3x.o)
 .text          0x00000048        0x0 c:/program files (x86)/atmel/avr tools/avr toolchain/bin/../lib/gcc/avr/4.8.1/../../../../avr/lib/avr4\libm.a(fixunssfsi.o)
 .text          0x00000048        0x0 c:/program files (x86)/atmel/avr tools/avr toolchain/bin/../lib/gcc/avr/4.8.1/../../../../avr/lib/avr4\libm.a(floatsisf.o)
 .text          0x00000048        0x0 c:/program files (x86)/atmel/avr tools/avr toolchain/bin/../lib/gcc/avr/4.8.1/../../../../avr/lib/avr4\libm.a(fp_inf.o)
 .text          0x00000048        0x0 c:/program files (x86)/atmel/avr tools/avr toolchain/bin/../lib/gcc/avr/4.8.1/../../../../avr/lib/avr4\libm.a(fp_nan.o)
 .text          0x00000048        0x0 c:/program files (x86)/atmel/avr tools/avr toolchain/bin/../lib/gcc/avr/4.8.1/../../../../avr/lib/avr4\libm.a(fp_pscA.o)
 .text          0x00000048        0x0 c:/program files (x86)/atmel/avr tools/avr toolchain/bin/../lib/gcc/avr/4.8.1/../../../../avr/lib/avr4\libm.a(fp_pscB.o)
 .text          0x00000048        0x0 c:/program files (x86)/atmel/avr tools/avr toolchain/bin/../lib/gcc/avr/4.8.1/../../../../avr/lib/avr4\libm.a(fp_round.o)
 .text          0x00000048        0x0 c:/program files (x86)/atmel/avr tools/avr toolchain/bin/../lib/gcc/avr/4.8.1/../../../../avr/lib/avr4\libm.a(fp_split3.o)
 .text          0x00000048        0x0 c:/program files (x86)/atmel/avr tools/avr toolchain/bin/../lib/gcc/avr/4.8.1/../../../../avr/lib/avr4\libm.a(fp_zero.o)
 .text          0x00000048        0x0 c:/program files (x86)/atmel/avr tools/avr toolchain/bin/../lib/gcc/avr/4.8.1/../../../../avr/lib/avr4\libm.a(mulsf3.o)
 .text          0x00000048        0x0 c:/program files (x86)/atmel/avr tools/avr toolchain/bin/../lib/gcc/avr/4.8.1/../../../../avr/lib/avr4\libm.a(mulsf3x.o)
 .text          0x00000048        0x0 c:/program files (x86)/atmel/avr tools/avr toolchain/bin/../lib/gcc/avr/4.8.1/../../../../avr/lib/avr4\libc.a(itoa_ncheck.o)
 .text          0x00000048        0x0 c:/program files (x86)/atmel/avr tools/avr toolchain/bin/../lib/gcc/avr/4.8.1/../../../../avr/lib/avr4\libc.a(utoa_ncheck.o)
 .text          0x00000048        0x0 c:/program files (x86)/atmel/avr tools/avr toolchain/bin/../lib/gcc/avr/4.8.1/../../../../avr/lib/avr4\libc.a(strrev.o)
                0x00000048                . = ALIGN (0x2)
 *(.text.*)
 .text.convertv
                0x00000048       0x34 ./AD7490.o
                0x00000048                convertv
 .text.convert  0x0000007c       0x50 ./AD7490.o
                0x0000007c                convert
 .text.spi_init_master
                0x000000cc        0xa ./AD7490.o
                0x000000cc                spi_init_master
 .text.Wyslij_spi
                0x000000d6        0xa ./AD7490.o
                0x000000d6                Wyslij_spi
 .text.AD7490   0x000000e0       0x20 ./AD7490.o
                0x000000e0                AD7490
 .text.sequential
                0x00000100        0xa ./AD7490.o
                0x00000100                sequential
 .text.Odbieraj_spi
                0x0000010a        0x8 ./AD7490.o
                0x0000010a                Odbieraj_spi
 .text.readv    0x00000112        0xa ./AD7490.o
                0x00000112                readv
 .text.spi_tranceiver
                0x0000011c        0xa ./AD7490.o
                0x0000011c                spi_tranceiver
 .text.adc_init
                0x00000126        0xc ./AD7490.o
                0x00000126                adc_init
 .text.get_adc  0x00000132       0x16 ./AD7490.o
                0x00000132                get_adc
 .text.__vector_10
                0x00000148      0x216 ./main.o
                0x00000148                __vector_10
 .text.startup.main
                0x0000035e       0xde ./main.o
                0x0000035e                main
 .text.USART_Init
                0x0000043c        0xe ./midi_uart.o
                0x0000043c                USART_Init
 .text.USART_Transmit
                0x0000044a        0x8 ./midi_uart.o
                0x0000044a                USART_Transmit
 .text.USART_puts
                0x00000452       0x16 ./midi_uart.o
                0x00000452                USART_puts
 .text.USART_putint
                0x00000468       0x36 ./midi_uart.o
                0x00000468                USART_putint
 .text.libgcc.mul
                0x0000049e        0x0 c:/program files (x86)/atmel/avr tools/avr toolchain/bin/../lib/gcc/avr/4.8.1/avr4\libgcc.a(_exit.o)
 .text.libgcc.div
                0x0000049e        0x0 c:/program files (x86)/atmel/avr tools/avr toolchain/bin/../lib/gcc/avr/4.8.1/avr4\libgcc.a(_exit.o)
 .text.libgcc   0x0000049e        0x0 c:/program files (x86)/atmel/avr tools/avr toolchain/bin/../lib/gcc/avr/4.8.1/avr4\libgcc.a(_exit.o)
 .text.libgcc.prologue
                0x0000049e        0x0 c:/program files (x86)/atmel/avr tools/avr toolchain/bin/../lib/gcc/avr/4.8.1/avr4\libgcc.a(_exit.o)
 .text.libgcc.builtins
                0x0000049e        0x0 c:/program files (x86)/atmel/avr tools/avr toolchain/bin/../lib/gcc/avr/4.8.1/avr4\libgcc.a(_exit.o)
 .text.libgcc.fmul
                0x0000049e        0x0 c:/program files (x86)/atmel/avr tools/avr toolchain/bin/../lib/gcc/avr/4.8.1/avr4\libgcc.a(_exit.o)
 .text.libgcc.fixed
                0x0000049e        0x0 c:/program files (x86)/atmel/avr tools/avr toolchain/bin/../lib/gcc/avr/4.8.1/avr4\libgcc.a(_exit.o)
 .text.libgcc.mul
                0x0000049e        0x0 c:/program files (x86)/atmel/avr tools/avr toolchain/bin/../lib/gcc/avr/4.8.1/avr4\libgcc.a(_clear_bss.o)
 .text.libgcc.div
                0x0000049e        0x0 c:/program files (x86)/atmel/avr tools/avr toolchain/bin/../lib/gcc/avr/4.8.1/avr4\libgcc.a(_clear_bss.o)
 .text.libgcc   0x0000049e        0x0 c:/program files (x86)/atmel/avr tools/avr toolchain/bin/../lib/gcc/avr/4.8.1/avr4\libgcc.a(_clear_bss.o)
 .text.libgcc.prologue
                0x0000049e        0x0 c:/program files (x86)/atmel/avr tools/avr toolchain/bin/../lib/gcc/avr/4.8.1/avr4\libgcc.a(_clear_bss.o)
 .text.libgcc.builtins
                0x0000049e        0x0 c:/program files (x86)/atmel/avr tools/avr toolchain/bin/../lib/gcc/avr/4.8.1/avr4\libgcc.a(_clear_bss.o)
 .text.libgcc.fmul
                0x0000049e        0x0 c:/program files (x86)/atmel/avr tools/avr toolchain/bin/../lib/gcc/avr/4.8.1/avr4\libgcc.a(_clear_bss.o)
 .text.libgcc.fixed
                0x0000049e        0x0 c:/program files (x86)/atmel/avr tools/avr toolchain/bin/../lib/gcc/avr/4.8.1/avr4\libgcc.a(_clear_bss.o)
 .text.avr-libc.fplib
                0x0000049e        0xa c:/program files (x86)/atmel/avr tools/avr toolchain/bin/../lib/gcc/avr/4.8.1/../../../../avr/lib/avr4\libm.a(addsf3.o)
                0x0000049e                __subsf3
                0x000004a0                __addsf3
 .text.avr-libc.fplib
                0x000004a8       0xc0 c:/program files (x86)/atmel/avr tools/avr toolchain/bin/../lib/gcc/avr/4.8.1/../../../../avr/lib/avr4\libm.a(addsf3x.o)
                0x000004c2                __addsf3x
 .text.avr-libc.fplib
                0x00000568       0x58 c:/program files (x86)/atmel/avr tools/avr toolchain/bin/../lib/gcc/avr/4.8.1/../../../../avr/lib/avr4\libm.a(fixunssfsi.o)
                0x00000568                __fixunssfsi
 .text.avr-libc.fplib
                0x000005c0       0x7a c:/program files (x86)/atmel/avr tools/avr toolchain/bin/../lib/gcc/avr/4.8.1/../../../../avr/lib/avr4\libm.a(floatsisf.o)
                0x000005c0                __floatunsisf
                0x000005c4                __floatsisf
 .text.avr-libc.fplib
                0x0000063a        0xc c:/program files (x86)/atmel/avr tools/avr toolchain/bin/../lib/gcc/avr/4.8.1/../../../../avr/lib/avr4\libm.a(fp_inf.o)
                0x0000063a                __fp_inf
 .text.avr-libc.fplib
                0x00000646        0x6 c:/program files (x86)/atmel/avr tools/avr toolchain/bin/../lib/gcc/avr/4.8.1/../../../../avr/lib/avr4\libm.a(fp_nan.o)
                0x00000646                __fp_nan
 .text.avr-libc.fplib
                0x0000064c        0xe c:/program files (x86)/atmel/avr tools/avr toolchain/bin/../lib/gcc/avr/4.8.1/../../../../avr/lib/avr4\libm.a(fp_pscA.o)
                0x0000064c                __fp_pscA
 .text.avr-libc.fplib
                0x0000065a        0xe c:/program files (x86)/atmel/avr tools/avr toolchain/bin/../lib/gcc/avr/4.8.1/../../../../avr/lib/avr4\libm.a(fp_pscB.o)
                0x0000065a                __fp_pscB
 .text.avr-libc.fplib
                0x00000668       0x22 c:/program files (x86)/atmel/avr tools/avr toolchain/bin/../lib/gcc/avr/4.8.1/../../../../avr/lib/avr4\libm.a(fp_round.o)
                0x00000668                __fp_round
 .text.avr-libc.fplib
                0x0000068a       0x44 c:/program files (x86)/atmel/avr tools/avr toolchain/bin/../lib/gcc/avr/4.8.1/../../../../avr/lib/avr4\libm.a(fp_split3.o)
                0x0000068a                __fp_split3
                0x0000069a                __fp_splitA
 .text.avr-libc.fplib
                0x000006ce        0xe c:/program files (x86)/atmel/avr tools/avr toolchain/bin/../lib/gcc/avr/4.8.1/../../../../avr/lib/avr4\libm.a(fp_zero.o)
                0x000006ce                __fp_zero
                0x000006d0                __fp_szero
 .text.avr-libc.fplib
                0x000006dc        0x4 c:/program files (x86)/atmel/avr tools/avr toolchain/bin/../lib/gcc/avr/4.8.1/../../../../avr/lib/avr4\libm.a(mulsf3.o)
                0x000006dc                __mulsf3
 .text.avr-libc.fplib
                0x000006e0       0xc2 c:/program files (x86)/atmel/avr tools/avr toolchain/bin/../lib/gcc/avr/4.8.1/../../../../avr/lib/avr4\libm.a(mulsf3x.o)
                0x000006f4                __mulsf3x
                0x000006f8                __mulsf3_pse
 .text.avr-libc
                0x000007a2       0x14 c:/program files (x86)/atmel/avr tools/avr toolchain/bin/../lib/gcc/avr/4.8.1/../../../../avr/lib/avr4\libc.a(itoa_ncheck.o)
                0x000007a2                __itoa_ncheck
 .text.avr-libc
                0x000007b6       0x32 c:/program files (x86)/atmel/avr tools/avr toolchain/bin/../lib/gcc/avr/4.8.1/../../../../avr/lib/avr4\libc.a(utoa_ncheck.o)
                0x000007b6                __utoa_ncheck
                0x000007b8                __utoa_common
 .text.avr-libc
                0x000007e8       0x20 c:/program files (x86)/atmel/avr tools/avr toolchain/bin/../lib/gcc/avr/4.8.1/../../../../avr/lib/avr4\libc.a(strrev.o)
                0x000007e8                strrev
                0x00000808                . = ALIGN (0x2)
 *(.fini9)
 .fini9         0x00000808        0x0 c:/program files (x86)/atmel/avr tools/avr toolchain/bin/../lib/gcc/avr/4.8.1/avr4\libgcc.a(_exit.o)
                0x00000808                _exit
                0x00000808                exit
 *(.fini9)
 *(.fini8)
 *(.fini8)
 *(.fini7)
 *(.fini7)
 *(.fini6)
 *(.fini6)
 *(.fini5)
 *(.fini5)
 *(.fini4)
 *(.fini4)
 *(.fini3)
 *(.fini3)
 *(.fini2)
 *(.fini2)
 *(.fini1)
 *(.fini1)
 *(.fini0)
 .fini0         0x00000808        0x4 c:/program files (x86)/atmel/avr tools/avr toolchain/bin/../lib/gcc/avr/4.8.1/avr4\libgcc.a(_exit.o)
 *(.fini0)
                0x0000080c                _etext = .

.data           0x00800060        0x0 load address 0x0000080c
                0x00800060                PROVIDE (__data_start, .)
 *(.data)
 .data          0x00800060        0x0 c:/program files (x86)/atmel/avr tools/avr toolchain/bin/../lib/gcc/avr/4.8.1/../../../../avr/lib/avr4/crtm8.o
 .data          0x00800060        0x0 ./AD7490.o
 .data          0x00800060        0x0 ./main.o
 .data          0x00800060        0x0 ./midi_uart.o
 .data          0x00800060        0x0 c:/program files (x86)/atmel/avr tools/avr toolchain/bin/../lib/gcc/avr/4.8.1/avr4\libgcc.a(_exit.o)
 .data          0x00800060        0x0 c:/program files (x86)/atmel/avr tools/avr toolchain/bin/../lib/gcc/avr/4.8.1/avr4\libgcc.a(_clear_bss.o)
 .data          0x00800060        0x0 c:/program files (x86)/atmel/avr tools/avr toolchain/bin/../lib/gcc/avr/4.8.1/../../../../avr/lib/avr4\libm.a(addsf3.o)
 .data          0x00800060        0x0 c:/program files (x86)/atmel/avr tools/avr toolchain/bin/../lib/gcc/avr/4.8.1/../../../../avr/lib/avr4\libm.a(addsf3x.o)
 .data          0x00800060        0x0 c:/program files (x86)/atmel/avr tools/avr toolchain/bin/../lib/gcc/avr/4.8.1/../../../../avr/lib/avr4\libm.a(fixunssfsi.o)
 .data          0x00800060        0x0 c:/program files (x86)/atmel/avr tools/avr toolchain/bin/../lib/gcc/avr/4.8.1/../../../../avr/lib/avr4\libm.a(floatsisf.o)
 .data          0x00800060        0x0 c:/program files (x86)/atmel/avr tools/avr toolchain/bin/../lib/gcc/avr/4.8.1/../../../../avr/lib/avr4\libm.a(fp_inf.o)
 .data          0x00800060        0x0 c:/program files (x86)/atmel/avr tools/avr toolchain/bin/../lib/gcc/avr/4.8.1/../../../../avr/lib/avr4\libm.a(fp_nan.o)
 .data          0x00800060        0x0 c:/program files (x86)/atmel/avr tools/avr toolchain/bin/../lib/gcc/avr/4.8.1/../../../../avr/lib/avr4\libm.a(fp_pscA.o)
 .data          0x00800060        0x0 c:/program files (x86)/atmel/avr tools/avr toolchain/bin/../lib/gcc/avr/4.8.1/../../../../avr/lib/avr4\libm.a(fp_pscB.o)
 .data          0x00800060        0x0 c:/program files (x86)/atmel/avr tools/avr toolchain/bin/../lib/gcc/avr/4.8.1/../../../../avr/lib/avr4\libm.a(fp_round.o)
 .data          0x00800060        0x0 c:/program files (x86)/atmel/avr tools/avr toolchain/bin/../lib/gcc/avr/4.8.1/../../../../avr/lib/avr4\libm.a(fp_split3.o)
 .data          0x00800060        0x0 c:/program files (x86)/atmel/avr tools/avr toolchain/bin/../lib/gcc/avr/4.8.1/../../../../avr/lib/avr4\libm.a(fp_zero.o)
 .data          0x00800060        0x0 c:/program files (x86)/atmel/avr tools/avr toolchain/bin/../lib/gcc/avr/4.8.1/../../../../avr/lib/avr4\libm.a(mulsf3.o)
 .data          0x00800060        0x0 c:/program files (x86)/atmel/avr tools/avr toolchain/bin/../lib/gcc/avr/4.8.1/../../../../avr/lib/avr4\libm.a(mulsf3x.o)
 .data          0x00800060        0x0 c:/program files (x86)/atmel/avr tools/avr toolchain/bin/../lib/gcc/avr/4.8.1/../../../../avr/lib/avr4\libc.a(itoa_ncheck.o)
 .data          0x00800060        0x0 c:/program files (x86)/atmel/avr tools/avr toolchain/bin/../lib/gcc/avr/4.8.1/../../../../avr/lib/avr4\libc.a(utoa_ncheck.o)
 .data          0x00800060        0x0 c:/program files (x86)/atmel/avr tools/avr toolchain/bin/../lib/gcc/avr/4.8.1/../../../../avr/lib/avr4\libc.a(strrev.o)
 *(.data*)
 *(.rodata)
 *(.rodata*)
 *(.gnu.linkonce.d*)
                0x00800060                . = ALIGN (0x2)
                0x00800060                _edata = .
                0x00800060                PROVIDE (__data_end, .)

.bss            0x00800060       0x35
                0x00800060                PROVIDE (__bss_start, .)
 *(.bss)
 .bss           0x00800060        0x0 c:/program files (x86)/atmel/avr tools/avr toolchain/bin/../lib/gcc/avr/4.8.1/../../../../avr/lib/avr4/crtm8.o
 .bss           0x00800060        0x0 ./AD7490.o
 .bss           0x00800060        0x0 ./main.o
 .bss           0x00800060        0x0 ./midi_uart.o
 .bss           0x00800060        0x0 c:/program files (x86)/atmel/avr tools/avr toolchain/bin/../lib/gcc/avr/4.8.1/avr4\libgcc.a(_exit.o)
 .bss           0x00800060        0x0 c:/program files (x86)/atmel/avr tools/avr toolchain/bin/../lib/gcc/avr/4.8.1/avr4\libgcc.a(_clear_bss.o)
 .bss           0x00800060        0x0 c:/program files (x86)/atmel/avr tools/avr toolchain/bin/../lib/gcc/avr/4.8.1/../../../../avr/lib/avr4\libm.a(addsf3.o)
 .bss           0x00800060        0x0 c:/program files (x86)/atmel/avr tools/avr toolchain/bin/../lib/gcc/avr/4.8.1/../../../../avr/lib/avr4\libm.a(addsf3x.o)
 .bss           0x00800060        0x0 c:/program files (x86)/atmel/avr tools/avr toolchain/bin/../lib/gcc/avr/4.8.1/../../../../avr/lib/avr4\libm.a(fixunssfsi.o)
 .bss           0x00800060        0x0 c:/program files (x86)/atmel/avr tools/avr toolchain/bin/../lib/gcc/avr/4.8.1/../../../../avr/lib/avr4\libm.a(floatsisf.o)
 .bss           0x00800060        0x0 c:/program files (x86)/atmel/avr tools/avr toolchain/bin/../lib/gcc/avr/4.8.1/../../../../avr/lib/avr4\libm.a(fp_inf.o)
 .bss           0x00800060        0x0 c:/program files (x86)/atmel/avr tools/avr toolchain/bin/../lib/gcc/avr/4.8.1/../../../../avr/lib/avr4\libm.a(fp_nan.o)
 .bss           0x00800060        0x0 c:/program files (x86)/atmel/avr tools/avr toolchain/bin/../lib/gcc/avr/4.8.1/../../../../avr/lib/avr4\libm.a(fp_pscA.o)
 .bss           0x00800060        0x0 c:/program files (x86)/atmel/avr tools/avr toolchain/bin/../lib/gcc/avr/4.8.1/../../../../avr/lib/avr4\libm.a(fp_pscB.o)
 .bss           0x00800060        0x0 c:/program files (x86)/atmel/avr tools/avr toolchain/bin/../lib/gcc/avr/4.8.1/../../../../avr/lib/avr4\libm.a(fp_round.o)
 .bss           0x00800060        0x0 c:/program files (x86)/atmel/avr tools/avr toolchain/bin/../lib/gcc/avr/4.8.1/../../../../avr/lib/avr4\libm.a(fp_split3.o)
 .bss           0x00800060        0x0 c:/program files (x86)/atmel/avr tools/avr toolchain/bin/../lib/gcc/avr/4.8.1/../../../../avr/lib/avr4\libm.a(fp_zero.o)
 .bss           0x00800060        0x0 c:/program files (x86)/atmel/avr tools/avr toolchain/bin/../lib/gcc/avr/4.8.1/../../../../avr/lib/avr4\libm.a(mulsf3.o)
 .bss           0x00800060        0x0 c:/program files (x86)/atmel/avr tools/avr toolchain/bin/../lib/gcc/avr/4.8.1/../../../../avr/lib/avr4\libm.a(mulsf3x.o)
 .bss           0x00800060        0x0 c:/program files (x86)/atmel/avr tools/avr toolchain/bin/../lib/gcc/avr/4.8.1/../../../../avr/lib/avr4\libc.a(itoa_ncheck.o)
 .bss           0x00800060        0x0 c:/program files (x86)/atmel/avr tools/avr toolchain/bin/../lib/gcc/avr/4.8.1/../../../../avr/lib/avr4\libc.a(utoa_ncheck.o)
 .bss           0x00800060        0x0 c:/program files (x86)/atmel/avr tools/avr toolchain/bin/../lib/gcc/avr/4.8.1/../../../../avr/lib/avr4\libc.a(strrev.o)
 *(.bss*)
 .bss.i.1779    0x00800060        0x1 ./main.o
 *(COMMON)
 COMMON         0x00800061       0x34 ./main.o
                0x00800061                k
                0x00800062                check_dir2
                0x0080006a                tab
                0x0080007a                data
                0x0080007c                check_dir
                0x0080008c                charr
                0x0080008d                tab2
                0x00800095                PROVIDE (__bss_end, .)
                0x0000080c                __data_load_start = LOADADDR (.data)
                0x0000080c                __data_load_end = (__data_load_start + SIZEOF (.data))

.noinit         0x00800095        0x0
                0x00800095                PROVIDE (__noinit_start, .)
 *(.noinit*)
                0x00800095                PROVIDE (__noinit_end, .)
                0x00800095                _end = .
                0x00800095                PROVIDE (__heap_start, .)

.eeprom         0x00810000        0x0
 *(.eeprom*)
                0x00810000                __eeprom_end = .

.fuse
 *(.fuse)
 *(.lfuse)
 *(.hfuse)
 *(.efuse)

.lock
 *(.lock*)

.signature
 *(.signature*)

.user_signatures
 *(.user_signatures*)

.stab
 *(.stab)

.stabstr
 *(.stabstr)

.stab.excl
 *(.stab.excl)

.stab.exclstr
 *(.stab.exclstr)

.stab.index
 *(.stab.index)

.stab.indexstr
 *(.stab.indexstr)

.comment        0x00000000       0x30
 *(.comment)
 .comment       0x00000000       0x30 ./AD7490.o
                                 0x31 (size before relaxing)
 .comment       0x00000000       0x31 ./main.o
 .comment       0x00000000       0x31 ./midi_uart.o

.note.gnu.build-id
 *(.note.gnu.build-id)

.debug
 *(.debug)

.line
 *(.line)

.debug_srcinfo
 *(.debug_srcinfo)

.debug_sfnames
 *(.debug_sfnames)

.debug_aranges
 *(.debug_aranges)

.debug_pubnames
 *(.debug_pubnames)

.debug_info
 *(.debug_info .gnu.linkonce.wi.*)

.debug_abbrev
 *(.debug_abbrev)

.debug_line
 *(.debug_line .debug_line.* .debug_line_end)

.debug_frame
 *(.debug_frame)

.debug_str
 *(.debug_str)

.debug_loc
 *(.debug_loc)

.debug_macinfo
 *(.debug_macinfo)

.debug_weaknames
 *(.debug_weaknames)

.debug_funcnames
 *(.debug_funcnames)

.debug_typenames
 *(.debug_typenames)

.debug_varnames
 *(.debug_varnames)

.debug_pubtypes
 *(.debug_pubtypes)

.debug_ranges
 *(.debug_ranges)

.debug_macro
 *(.debug_macro)
OUTPUT(AD7490.elf elf32-avr)
LOAD linker stubs
